Welcome to the 16bcfs assembler

                                Assembly Listing
================================================================================

LineNo  Addr  Bin   OpCode                   Comment
------  ----  ----  -----------------------  -----------------------------------
     1                                       ;;===================================================================================================================
     2                                       ;; test-mov.s: Perform several move instructions to the R1 register, each an immediate load
     3                                       ;;
     4                                       ;;  This code will produce a Larson Scanner (Knight Riger effect) using a brute force load of each light into
     5                                       ;;  the R1 register in turn.
     6                                       ;;
     7                                       ;;  -----------------------------------------------------------------------------------------------------------------
     8                                       ;;
     9                                       ;;     Date      Tracker  Version  Pgmr  Description
    10                                       ;;  -----------  -------  -------  ----  ---------------------------------------------------------------------------
    11                                       ;;  2023-Feb-28  Initial  v0.0.1   ADCL  Initial version
    12                                       ;;
    13                                       ;;===================================================================================================================
    14
    15              .org 0000
    16
    17  entry:
    18  0000  0001  mov r1,0001
    18  0001  0001
    19  0002  0002  mov r2,8000
    19  0003  8000
    20
    21  0004  0001  mov r1,0002
    21  0005  0002
    22  0006  0022  mov r2,r1
    23
    24  0007  0001  mov r1,0004
    24  0008  0004
    25  0009  0002  mov r2,2000
    25  000a  2000
    26
    27  000b  0001  mov r1,0008
    27  000c  0008
    28  000d  0022  mov r2,r1
    29
    30  000e  0001  mov r1,0010
    30  000f  0010
    31  0010  0002  mov r2,0800
    31  0011  0800
    32
    33  0012  0031  mov r1,r2
    34
    35  0013  0002  mov r2,0000
    35  0014  0000
    36  0015  00f2  jmp r2