Welcome to the 16bcfs assembler

                                Assembly Listing
================================================================================

LineNo  Addr  Bin   OpCode                   Comment
------  ----  ----  -----------------------  -----------------------------------
     1                                       ;;===================================================================================================================
     2                                       ;; test-mov.s: Perform several move instructions to the R1 register, each an immediate load
     3                                       ;;
     4                                       ;;  This code will produce a Larson Scanner (Knight Riger effect) using a brute force load of each light into
     5                                       ;;  the R1 register in turn.
     6                                       ;;
     7                                       ;;  -----------------------------------------------------------------------------------------------------------------
     8                                       ;;
     9                                       ;;     Date      Tracker  Version  Pgmr  Description
    10                                       ;;  -----------  -------  -------  ----  ---------------------------------------------------------------------------
    11                                       ;;  2023-Feb-28  Initial  v0.0.1   ADCL  Initial version
    12                                       ;;
    13                                       ;;===================================================================================================================
    14
    15              .org 0000
    16
    17  entry:
    18  0000  0001  mov r1,0001
    18  0001  0001
    19  0002  0001  mov r1,0002
    19  0003  0002
    20  0004  0001  mov r1,0004
    20  0005  0004
    21  0006  0001  mov r1,0008
    21  0007  0008
    22  0008  0001  mov r1,0010
    22  0009  0010
    23  000a  0001  mov r1,0020
    23  000b  0020
    24  000c  0001  mov r1,0040
    24  000d  0040
    25  000e  0001  mov r1,0080
    25  000f  0080
    26  0010  0001  mov r1,0100
    26  0011  0100
    27  0012  0001  mov r1,0200
    27  0013  0200
    28  0014  0001  mov r1,0400
    28  0015  0400
    29  0016  0001  mov r1,0800
    29  0017  0800
    30  0018  0001  mov r1,1000
    30  0019  1000
    31  001a  0001  mov r1,2000
    31  001b  2000
    32  001c  0001  mov r1,4000
    32  001d  4000
    33  001e  0001  mov r1,8000
    33  001f  8000
    34
    35  0020  0001  mov r1,8000
    35  0021  8000
    36  0022  0001  mov r1,4000
    36  0023  4000
    37  0024  0001  mov r1,2000
    37  0025  2000
    38  0026  0001  mov r1,1000
    38  0027  1000
    39  0028  0001  mov r1,0800
    39  0029  0800
    40  002a  0001  mov r1,0400
    40  002b  0400
    41  002c  0001  mov r1,0200
    41  002d  0200
    42  002e  0001  mov r1,0100
    42  002f  0100
    43  0030  0001  mov r1,0080
    43  0031  0080
    44  0032  0001  mov r1,0040
    44  0033  0040
    45  0034  0001  mov r1,0020
    45  0035  0020
    46  0036  0001  mov r1,0010
    46  0037  0010
    47  0038  0001  mov r1,0008
    47  0039  0008
    48  003a  0001  mov r1,0004
    48  003b  0004
    49  003c  0001  mov r1,0002
    49  003d  0002
    50  003e  0001  mov r1,0001
    50  003f  0001