Welcome to the 16bcfs assembler

                                Assembly Listing
================================================================================

LineNo  Addr  Bin   OpCode                   Comment
------  ----  ----  -----------------------  -----------------------------------
     1                                       ; This test contains a jump back to the first instruction
     2
     3              .org 0000
     4
     5  entry:
     6  0000  0000  nop
     7  0001  00f0  jmp entry
     7  0002  0000
     8