Welcome to the 16bcfs assembler
Error: On line 7: Invalid character in source file
Assembly failed: 1 errors; 0 warnings