Welcome to the 16bcfs assembler

                                Assembly Listing
================================================================================

LineNo  Addr  Bin   OpCode                   Comment
------  ----  ----  -----------------------  -----------------------------------
     1                                       ;;===================================================================================================================
     2                                       ;; test-jmp.s: Execute an unconditional jmp to an address
     3                                       ;;
     4                                       ;;  This code will execute half of the Larson Scanner (Knight Riger effect) from episode-0042.  This will be done
     5                                       ;;  by executing an unconditional jump back to the start of the program half-way through the scanner.  This will
     6                                       ;;  make the scanner look like it's wrapping from one side to the other.
     7                                       ;;
     8                                       ;;  -----------------------------------------------------------------------------------------------------------------
     9                                       ;;
    10                                       ;;     Date      Tracker  Version  Pgmr  Description
    11                                       ;;  -----------  -------  -------  ----  ---------------------------------------------------------------------------
    12                                       ;;  2023-Mar-26  Initial  v0.0.1   ADCL  Initial version
    13                                       ;;
    14                                       ;;===================================================================================================================
    15
    16              .org 0000
    17
    18  entry:
    19  0000  0001  mov r1,0001
    19  0001  0001
    20  0002  0001  mov r1,0002
    20  0003  0002
    21  0004  0001  mov r1,0004
    21  0005  0004
    22  0006  0001  mov r1,0008
    22  0007  0008
    23  0008  0001  mov r1,0010
    23  0009  0010
    24  000a  0001  mov r1,0020
    24  000b  0020
    25  000c  0001  mov r1,0040
    25  000d  0040
    26  000e  0001  mov r1,0080
    26  000f  0080
    27  0010  0001  mov r1,0100
    27  0011  0100
    28  0012  0001  mov r1,0200
    28  0013  0200
    29  0014  0001  mov r1,0400
    29  0015  0400
    30  0016  0001  mov r1,0800
    30  0017  0800
    31  0018  0001  mov r1,1000
    31  0019  1000
    32  001a  0001  mov r1,2000
    32  001b  2000
    33  001c  0001  mov r1,4000
    33  001d  4000
    34  001e  0001  mov r1,8000
    34  001f  8000
    35
    36  0020  00f0  jmp 0000
    36  0021  0000
    37  0022  00f0  jmp 8000
    37  0023  8000
    38
    39  0024  0001  mov r1,8000
    39  0025  8000
    40  0026  0001  mov r1,4000
    40  0027  4000
    41  0028  0001  mov r1,2000
    41  0029  2000
    42  002a  0001  mov r1,1000
    42  002b  1000
    43  002c  0001  mov r1,0800
    43  002d  0800
    44  002e  0001  mov r1,0400
    44  002f  0400
    45  0030  0001  mov r1,0200
    45  0031  0200
    46  0032  0001  mov r1,0100
    46  0033  0100
    47  0034  0001  mov r1,0080
    47  0035  0080
    48  0036  0001  mov r1,0040
    48  0037  0040
    49  0038  0001  mov r1,0020
    49  0039  0020
    50  003a  0001  mov r1,0010
    50  003b  0010
    51  003c  0001  mov r1,0008
    51  003d  0008
    52  003e  0001  mov r1,0004
    52  003f  0004
    53  0040  0001  mov r1,0002
    53  0041  0002
    54  0042  0001  mov r1,0001
    54  0043  0001