Welcome to the 16bcfs assembler

                                Assembly Listing
================================================================================

LineNo  Addr  Bin   OpCode                   Comment
------  ----  ----  -----------------------  -----------------------------------
     1                                       ; check for intermediate labels, jumping forwards
     2
     3              .org 0000
     4
     5  entry:
     6  0000  0000  nop
     7  0001  00f0  jmp entry.1
     7  0002  0004
     8
     9  0003  0000  nop
    10
    11  entry.1:
    12  0004  00f0  jmp entry
    12  0005  0000