Welcome to the 16bcfs assembler

                                Assembly Listing
================================================================================

LineNo  Addr  Bin   OpCode                   Comment
------  ----  ----  -----------------------  -----------------------------------
     1                                       ;;===================================================================================================================
     2                                       ;; test-pc.s: Test the Program Counter PCB
     3                                       ;;
     4                                       ;;  This test will will jump to the end of address space, which should turn on all LEDs in the PC.
     5                                       ;;
     6                                       ;;  -----------------------------------------------------------------------------------------------------------------
     7                                       ;;
     8                                       ;;     Date      Tracker  Version  Pgmr  Description
     9                                       ;;  -----------  -------  -------  ----  ---------------------------------------------------------------------------
    10                                       ;;  2023-Jun-04  Initial  v0.0.1   ADCL  Initial version
    11                                       ;;
    12                                       ;;===================================================================================================================
    13
    14              .org 0000
    15
    16  entry:
    17  0000  0000  nop
    18  0001  0000  nop
    19
    20  0002  00f0  jmp ffff                 ;; loop back and execute the test again
    20  0003  ffff