Welcome to the 16bcfs assembler

                                Assembly Listing
================================================================================

LineNo  Addr  Bin   OpCode                   Comment
------  ----  ----  -----------------------  -----------------------------------
     1                                       ; This test contains a jump back to the first instruction
     2
     3              .org 0000
     4
     5  0000  00f0  jmp 0000
     5  0001  0000
     6