Welcome to the 16bcfs assembler
Invalid opcode on line 4: `invalid`
Assembly failed: 1 errors; 0 warnings