Welcome to the 16bcfs assembler

                                Assembly Listing
================================================================================

LineNo  Addr  Bin   OpCode                   Comment
------  ----  ----  -----------------------  -----------------------------------
     1                                       ;;===================================================================================================================
     2                                       ;;  test-r2.s: Test the R2 Register PCB
     3                                       ;;
     4                                       ;;  This test will go through all the functionality of the R2 Register.  This code is used to test the new timing
     5                                       ;;  for INC/DEC/LOAD.
     6                                       ;;
     7                                       ;;  -----------------------------------------------------------------------------------------------------------------
     8                                       ;;
     9                                       ;;     Date      Tracker  Version  Pgmr  Description
    10                                       ;;  -----------  -------  -------  ----  ---------------------------------------------------------------------------
    11                                       ;;  2023-Aug-22  Initial  v0.0.1   ADCL  Initial version
    12                                       ;;
    13                                       ;;===================================================================================================================
    14
    15              .org 0000
    16
    17  entry:
    18  0000  0002  mov r2,ffff              ;; not sure what is in the register, ensure it is initialized
    18  0001  ffff
    19  0002  0ff3  decr r2                  ;; decrement the R2 register without updating flags; value = 0xfffe
    20  0003  0ff1  incr r2                  ;; increment the R2 register without updating flags; value = 0xffff
    21  0004  0ff1  incr r2                  ;; increment the R2 register without updating flags; value = 0x0000
    22  0005  0ff1  incr r2                  ;; increment the R2 register without updating flags; value = 0x0001
    23  0006  0ff3  decr r2                  ;; decrement the R2 register without updating flags; value = 0x0000
    24  0007  0ff3  decr r2                  ;; decrement the R2 register without updating flags; value = 0xffff
    25
    26  0008  00f2  jmp r2                   ;; jump to the R2 register location