Welcome to the 16bcfs assembler

                                Assembly Listing
================================================================================

LineNo  Addr  Bin   OpCode                   Comment
------  ----  ----  -----------------------  -----------------------------------
Empty source file